nohup: tsh_staging: No such file or directory
nohup: tsh_stg: No such file or directory
[31mERROR: [0minvalid port forwarding spec ':localhost:': expected format `80:remote.host:80`

$ 
unknown error: read /dev/stdin: input/output error

Error copying data to remote peer
the connection was closed on the remote side at  03 Jan 25 13:48 IST
$ 
unknown error: read /dev/stdin: input/output error

Error copying data to remote peer
the connection was closed on the remote side at  03 Jan 25 13:50 IST
tsh: error: expected argument for flag '-L'
usage: tsh ssh [<flags>] <[user@]host> [<command>...]

Run shell or execute a command on a remote SSH node.

Flags:
  -l, --login                    Remote host login
      --proxy                    Teleport proxy address
      --user                     Teleport user, defaults to current local user
      --ttl                      Minutes to live for a session
  -i, --identity                 Identity file
      --cert-format              SSH certificate format
      --[no-]insecure            Do not verify server's certificate and host
                                 name. Use only in test environments
      --auth                     Specify the name of authentication connector to
                                 use.
      --[no-]skip-version-check  Skip version checking between server and
                                 client.
  -d, --[no-]debug               Verbose logging to stdout
  -k, --add-keys-to-agent        Controls how keys are handled. Valid values are
                                 [auto no yes only].
      --[no-]enable-escape-sequences  
                                 Enable support for SSH escape sequences. Type
                                 '~?' during an SSH session to list supported
                                 sequences. Default is enabled.
      --bind-addr                Override host:port used when opening a browser
                                 for cluster logins
      --callback                 Override the base URL (host:port) of the
                                 link shown when opening a browser for cluster
                                 logins. Must be used with --bind-addr.
      --mfa-mode                 Preferred mode for MFA and Passwordless
                                 assertions (auto, cross-platform, platform,
                                 otp)
      --[no-]headless            Use headless login. Shorthand for
                                 --auth=headless.
      --mlock                    Determines whether process memory will be
                                 locked and whether failure to do so will be
                                 accepted (off, auto, best_effort, strict).
      --piv-slot                 Specify a PIV slot key to use for Hardware Key
                                 support instead of the default. Ex: "9d"
  -J, --jumphost                 SSH jumphost
  -p, --port                     SSH port on a remote host
  -A, --[no-]forward-agent       Forward agent to target node
  -L, --forward                  Forward localhost connections to remote server
  -D, --dynamic-forward          Forward localhost connections to remote server
                                 using SOCKS5
  -R, --remote-forward           Forward remote connections to localhost
      --[no-]local               Execute command on localhost after connecting
                                 to SSH node
  -t, --[no-]tty                 Allocate TTY
  -c, --cluster                  Specify the Teleport cluster to connect
  -o, --option                   OpenSSH options in the format used in the
                                 configuration file
  -N, --[no-]no-remote-exec      Don't execute remote command, useful for port
                                 forwarding
  -X, --[no-]x11-untrusted       Requests untrusted (secure) X11 forwarding for
                                 this session
  -Y, --[no-]x11-trusted         Requests trusted (insecure) X11 forwarding for
                                 this session. This can make your local machine
                                 vulnerable to attacks, use with caution
      --x11-untrusted-timeout    Sets a timeout for untrusted X11 forwarding,
                                 after which the client will reject any
                                 forwarding requests from the server
      --[no-]participant-req     Displays a verbose list of required
                                 participants in a moderated session.
      --request-reason           Reason for requesting access
      --request-mode             Type of automatic access request to make (off,
                                 resource, role)
      --[no-]disable-access-request  
                                 Disable automatic resource access requests
                                 (DEPRECATED: use --request-mode=off)
      --log-dir                  Directory to log separated command output,
                                 when executing on multiple nodes. If set,
                                 output from each node will also be labeled in
                                 the terminal.
      --[no-]no-resume           Disable SSH connection resumption

Args:
  <[user@]host>  Remote hostname and the login to use
  [<command>]    Command to execute on a remote host

Aliases:

[31mERROR: [0mexpected argument for flag '-L'

[31mERROR: [0muse of closed network connection

